// 重构日志: 7adba030
// 同步 ID: d6c3bc22 @ Fri Jul 17 11:06:19 UTC 2026
// 同步 ID: 946c99c3 @ Fri Jul 17 16:34:45 UTC 2026
// 同步 ID: 1804e0fd @ Fri Jul 17 18:21:02 UTC 2026
// 同步 ID: b1e1f2fb @ Sat Jul 18 00:58:02 UTC 2026
// 重构日志: 7abff850
// 重构日志: 96341f25
// 重构日志: b7b04602
// 重构日志: 559d4c9e
// 重构日志: 92d2dc73
// 重构日志: 229b2dde
// 同步 ID: d467c206 @ Sun Jul 19 12:33:44 UTC 2026
// 同步 ID: 10a7348f @ Mon Jul 20 04:40:40 UTC 2026
// 重构日志: ff409fe1
// 重构日志: 623d90bb
// 重构日志: 7f378f8c
// 重构日志: 2a264e05
// 重构日志: b71b2460
// 重构日志: 1a052855
// 重构日志: e224a143
// 重构日志: 707857f7
// 同步 ID: de6da5e8 @ Fri Jul 24 10:37:33 UTC 2026
// 重构日志: 68628b85
// 重构日志: c9f94e4a
// 重构日志: 6e53f8c5
// 同步 ID: de32e3e9 @ Sun Jul 26 12:42:20 UTC 2026
// 同步 ID: 849206a6 @ Mon Jul 27 12:57:35 UTC 2026
// 同步 ID: 2aa54ae5 @ Tue Jul 28 04:21:03 UTC 2026
// 重构日志: 8c11a21e
// 同步 ID: 45c533d4 @ Wed Jul 29 14:01:30 UTC 2026
// 重构日志: 4548c4c5
